iwia021h@casclakesp2:~/repo/MD-Bench$ cp -p ICC/force.s asm/unused/force-mem-only-with-likwid.s 
iwia021h@casclakesp2:~/repo/MD-Bench$ make
===>  ASSEMBLE  ICC/force-new.o
===>  LINKING  MDBench-ICC
./src/main.c(166): warning #3180: unrecognized OpenMP #pragma
  #pragma omp parallel
  ^

iwia021h@casclakesp2:~/repo/MD-Bench$ 
iwia021h@casclakesp2:~/repo/MD-Bench$ 
iwia021h@casclakesp2:~/repo/MD-Bench$ likwid-perfctr -m -g CACHES_PMC -C 0 ./MDBench-ICC
INFO: You are running LIKWID in a cpuset with 1 CPUs. Taking given IDs as logical ID in cpuset
--------------------------------------------------------------------------------
CPU name:	Intel(R) Xeon(R) Gold 6248 CPU @ 2.50GHz
CPU type:	Intel Cascadelake SP processor
CPU clock:	2.49 GHz
--------------------------------------------------------------------------------
step	temp		pressure
0	1.440000e+00	1.215639e+00
100	1.440000e+00	1.215639e+00
200	1.440000e+00	1.215639e+00
----------------------------------------------------------------------------
Data layout for positions: AoS
Using double precision floating point.
----------------------------------------------------------------------------
System: 131072 atoms 48219 ghost atoms, Steps: 200
TOTAL 13.37s FORCE 8.95s NEIGH 4.34s REST 0.09s
----------------------------------------------------------------------------
Performance: 1.96 million atom updates per second
--------------------------------------------------------------------------------
Region force, Group 1: CACHES_PMC
+-------------------+------------+
|    Region Info    | HWThread 0 |
+-------------------+------------+
| RDTSC Runtime [s] |   8.786232 |
|     call count    |        201 |
+-------------------+------------+

+-----------------------+---------+-------------+
|         Event         | Counter |  HWThread 0 |
+-----------------------+---------+-------------+
|   INSTR_RETIRED_ANY   |  FIXC0  | 10196450000 |
| CPU_CLK_UNHALTED_CORE |  FIXC1  | 21890310000 |
|  CPU_CLK_UNHALTED_REF |  FIXC2  | 21890310000 |
|    L1D_REPLACEMENT    |   PMC0  |   266601900 |
|      L1D_M_EVICT      |   PMC1  |    10127170 |
|    L2_LINES_IN_ALL    |   PMC2  |   186639700 |
|     L2_TRANS_L2_WB    |   PMC3  |   185665400 |
+-----------------------+---------+-------------+

+-------------------------------------+------------+
|                Metric               | HWThread 0 |
+-------------------------------------+------------+
|         Runtime (RDTSC) [s]         |     8.7862 |
|         Runtime unhalted [s]        |     8.7770 |
|             Clock [MHz]             |  2494.0552 |
|                 CPI                 |     2.1469 |
|  L2 to L1 load bandwidth [MBytes/s] |  1941.9612 |
|  L2 to L1 load data volume [GBytes] |    17.0625 |
| L1 to L2 evict bandwidth [MBytes/s] |    73.7676 |
| L1 to L2 evict data volume [GBytes] |     0.6481 |
|  L1 to/from L2 bandwidth [MBytes/s] |  2015.7288 |
|  L1 to/from L2 data volume [GBytes] |    17.7107 |
|  L3 to L2 load bandwidth [MBytes/s] |  1359.5066 |
|  L3 to L2 load data volume [GBytes] |    11.9449 |
| L2 to L3 evict bandwidth [MBytes/s] |  1352.4097 |
| L2 to L3 evict data volume [GBytes] |    11.8826 |
|  L2 to/from L3 bandwidth [MBytes/s] |  2711.9164 |
|  L2 to/from L3 data volume [GBytes] |    23.8275 |
+-------------------------------------+------------+

Region reneighbour, Group 1: CACHES_PMC
+-------------------+------------+
|    Region Info    | HWThread 0 |
+-------------------+------------+
| RDTSC Runtime [s] |   4.334247 |
|     call count    |         10 |
+-------------------+------------+

+-----------------------+---------+-------------+
|         Event         | Counter |  HWThread 0 |
+-----------------------+---------+-------------+
|   INSTR_RETIRED_ANY   |  FIXC0  | 14652480000 |
| CPU_CLK_UNHALTED_CORE |  FIXC1  | 10804240000 |
|  CPU_CLK_UNHALTED_REF |  FIXC2  | 10804260000 |
|    L1D_REPLACEMENT    |   PMC0  |   311047400 |
|      L1D_M_EVICT      |   PMC1  |     8907556 |
|    L2_LINES_IN_ALL    |   PMC2  |    13135300 |
|     L2_TRANS_L2_WB    |   PMC3  |    13013890 |
+-----------------------+---------+-------------+

+-------------------------------------+------------+
|                Metric               | HWThread 0 |
+-------------------------------------+------------+
|         Runtime (RDTSC) [s]         |     4.3342 |
|         Runtime unhalted [s]        |     4.3320 |
|             Clock [MHz]             |  2494.0506 |
|                 CPI                 |     0.7374 |
|  L2 to L1 load bandwidth [MBytes/s] |  4592.9624 |
|  L2 to L1 load data volume [GBytes] |    19.9070 |
| L1 to L2 evict bandwidth [MBytes/s] |   131.5300 |
| L1 to L2 evict data volume [GBytes] |     0.5701 |
|  L1 to/from L2 bandwidth [MBytes/s] |  4724.4924 |
|  L1 to/from L2 data volume [GBytes] |    20.4771 |
|  L3 to L2 load bandwidth [MBytes/s] |   193.9574 |
|  L3 to L2 load data volume [GBytes] |     0.8407 |
| L2 to L3 evict bandwidth [MBytes/s] |   192.1646 |
| L2 to L3 evict data volume [GBytes] |     0.8329 |
|  L2 to/from L3 bandwidth [MBytes/s] |   386.1220 |
|  L2 to/from L3 data volume [GBytes] |     1.6735 |
+-------------------------------------+------------+

iwia021h@casclakesp2:~/repo/MD-Bench$ likwid-perfctr -m -g CACHES_PMC -C 0 ./MDBench-ICC
INFO: You are running LIKWID in a cpuset with 1 CPUs. Taking given IDs as logical ID in cpuset
--------------------------------------------------------------------------------
CPU name:	Intel(R) Xeon(R) Gold 6248 CPU @ 2.50GHz
CPU type:	Intel Cascadelake SP processor
CPU clock:	2.49 GHz
--------------------------------------------------------------------------------
step	temp		pressure
0	1.440000e+00	1.215639e+00
100	1.440000e+00	1.215639e+00
200	1.440000e+00	1.215639e+00
----------------------------------------------------------------------------
Data layout for positions: AoS
Using double precision floating point.
----------------------------------------------------------------------------
System: 131072 atoms 48219 ghost atoms, Steps: 200
TOTAL 13.36s FORCE 8.93s NEIGH 4.35s REST 0.08s
----------------------------------------------------------------------------
Performance: 1.96 million atom updates per second
--------------------------------------------------------------------------------
Region force, Group 1: CACHES_PMC
+-------------------+------------+
|    Region Info    | HWThread 0 |
+-------------------+------------+
| RDTSC Runtime [s] |   8.784895 |
|     call count    |        201 |
+-------------------+------------+

+-----------------------+---------+-------------+
|         Event         | Counter |  HWThread 0 |
+-----------------------+---------+-------------+
|   INSTR_RETIRED_ANY   |  FIXC0  | 10196450000 |
| CPU_CLK_UNHALTED_CORE |  FIXC1  | 21894670000 |
|  CPU_CLK_UNHALTED_REF |  FIXC2  | 21894680000 |
|    L1D_REPLACEMENT    |   PMC0  |   268191600 |
|      L1D_M_EVICT      |   PMC1  |    10156850 |
|    L2_LINES_IN_ALL    |   PMC2  |   186598800 |
|     L2_TRANS_L2_WB    |   PMC3  |   185510300 |
+-----------------------+---------+-------------+

+-------------------------------------+------------+
|                Metric               | HWThread 0 |
+-------------------------------------+------------+
|         Runtime (RDTSC) [s]         |     8.7849 |
|         Runtime unhalted [s]        |     8.7787 |
|             Clock [MHz]             |  2494.0603 |
|                 CPI                 |     2.1473 |
|  L2 to L1 load bandwidth [MBytes/s] |  1953.8381 |
|  L2 to L1 load data volume [GBytes] |    17.1643 |
| L1 to L2 evict bandwidth [MBytes/s] |    73.9950 |
| L1 to L2 evict data volume [GBytes] |     0.6500 |
|  L1 to/from L2 bandwidth [MBytes/s] |  2027.8331 |
|  L1 to/from L2 data volume [GBytes] |    17.8143 |
|  L3 to L2 load bandwidth [MBytes/s] |  1359.4156 |
|  L3 to L2 load data volume [GBytes] |    11.9423 |
| L2 to L3 evict bandwidth [MBytes/s] |  1351.4856 |
| L2 to L3 evict data volume [GBytes] |    11.8727 |
|  L2 to/from L3 bandwidth [MBytes/s] |  2710.9012 |
|  L2 to/from L3 data volume [GBytes] |    23.8150 |
+-------------------------------------+------------+

Region reneighbour, Group 1: CACHES_PMC
+-------------------+------------+
|    Region Info    | HWThread 0 |
+-------------------+------------+
| RDTSC Runtime [s] |   4.346331 |
|     call count    |         10 |
+-------------------+------------+

+-----------------------+---------+-------------+
|         Event         | Counter |  HWThread 0 |
+-----------------------+---------+-------------+
|   INSTR_RETIRED_ANY   |  FIXC0  | 14652480000 |
| CPU_CLK_UNHALTED_CORE |  FIXC1  | 10832160000 |
|  CPU_CLK_UNHALTED_REF |  FIXC2  | 10832170000 |
|    L1D_REPLACEMENT    |   PMC0  |   319318700 |
|      L1D_M_EVICT      |   PMC1  |     9223745 |
|    L2_LINES_IN_ALL    |   PMC2  |    13103810 |
|     L2_TRANS_L2_WB    |   PMC3  |    12978560 |
+-----------------------+---------+-------------+

+-------------------------------------+------------+
|                Metric               | HWThread 0 |
+-------------------------------------+------------+
|         Runtime (RDTSC) [s]         |     4.3463 |
|         Runtime unhalted [s]        |     4.3432 |
|             Clock [MHz]             |  2494.0591 |
|                 CPI                 |     0.7393 |
|  L2 to L1 load bandwidth [MBytes/s] |  4701.9881 |
|  L2 to L1 load data volume [GBytes] |    20.4364 |
| L1 to L2 evict bandwidth [MBytes/s] |   135.8202 |
| L1 to L2 evict data volume [GBytes] |     0.5903 |
|  L1 to/from L2 bandwidth [MBytes/s] |  4837.8084 |
|  L1 to/from L2 data volume [GBytes] |    21.0267 |
|  L3 to L2 load bandwidth [MBytes/s] |   192.9544 |
|  L3 to L2 load data volume [GBytes] |     0.8386 |
| L2 to L3 evict bandwidth [MBytes/s] |   191.1101 |
| L2 to L3 evict data volume [GBytes] |     0.8306 |
|  L2 to/from L3 bandwidth [MBytes/s] |   384.0646 |
|  L2 to/from L3 data volume [GBytes] |     1.6693 |
+-------------------------------------+------------+

iwia021h@casclakesp2:~/repo/MD-Bench$ 
iwia021h@casclakesp2:~/repo/MD-Bench$ likwid-perfctr -m -g CACHES_PMC -C 0 ./MDBench-ICC
INFO: You are running LIKWID in a cpuset with 1 CPUs. Taking given IDs as logical ID in cpuset
--------------------------------------------------------------------------------
CPU name:	Intel(R) Xeon(R) Gold 6248 CPU @ 2.50GHz
CPU type:	Intel Cascadelake SP processor
CPU clock:	2.49 GHz
--------------------------------------------------------------------------------
step	temp		pressure
0	1.440000e+00	1.215639e+00
100	1.440000e+00	1.215639e+00
200	1.440000e+00	1.215639e+00
----------------------------------------------------------------------------
Data layout for positions: AoS
Using double precision floating point.
----------------------------------------------------------------------------
System: 131072 atoms 48219 ghost atoms, Steps: 200
TOTAL 13.37s FORCE 8.95s NEIGH 4.34s REST 0.08s
----------------------------------------------------------------------------
Performance: 1.96 million atom updates per second
--------------------------------------------------------------------------------
Region force, Group 1: CACHES_PMC
+-------------------+------------+
|    Region Info    | HWThread 0 |
+-------------------+------------+
| RDTSC Runtime [s] |   8.786225 |
|     call count    |        201 |
+-------------------+------------+

+-----------------------+---------+-------------+
|         Event         | Counter |  HWThread 0 |
+-----------------------+---------+-------------+
|   INSTR_RETIRED_ANY   |  FIXC0  | 10196450000 |
| CPU_CLK_UNHALTED_CORE |  FIXC1  | 21894400000 |
|  CPU_CLK_UNHALTED_REF |  FIXC2  | 21894400000 |
|    L1D_REPLACEMENT    |   PMC0  |   266819700 |
|      L1D_M_EVICT      |   PMC1  |    10119990 |
|    L2_LINES_IN_ALL    |   PMC2  |   186674800 |
|     L2_TRANS_L2_WB    |   PMC3  |   185763400 |
+-----------------------+---------+-------------+

+-------------------------------------+------------+
|                Metric               | HWThread 0 |
+-------------------------------------+------------+
|         Runtime (RDTSC) [s]         |     8.7862 |
|         Runtime unhalted [s]        |     8.7786 |
|             Clock [MHz]             |  2494.0721 |
|                 CPI                 |     2.1473 |
|  L2 to L1 load bandwidth [MBytes/s] |  1943.5492 |
|  L2 to L1 load data volume [GBytes] |    17.0765 |
| L1 to L2 evict bandwidth [MBytes/s] |    73.7153 |
| L1 to L2 evict data volume [GBytes] |     0.6477 |
|  L1 to/from L2 bandwidth [MBytes/s] |  2017.2645 |
|  L1 to/from L2 data volume [GBytes] |    17.7241 |
|  L3 to L2 load bandwidth [MBytes/s] |  1359.7634 |
|  L3 to L2 load data volume [GBytes] |    11.9472 |
| L2 to L3 evict bandwidth [MBytes/s] |  1353.1246 |
| L2 to L3 evict data volume [GBytes] |    11.8889 |
|  L2 to/from L3 bandwidth [MBytes/s] |  2712.8880 |
|  L2 to/from L3 data volume [GBytes] |    23.8360 |
+-------------------------------------+------------+

Region reneighbour, Group 1: CACHES_PMC
+-------------------+------------+
|    Region Info    | HWThread 0 |
+-------------------+------------+
| RDTSC Runtime [s] |   4.335100 |
|     call count    |         10 |
+-------------------+------------+

+-----------------------+---------+-------------+
|         Event         | Counter |  HWThread 0 |
+-----------------------+---------+-------------+
|   INSTR_RETIRED_ANY   |  FIXC0  | 14652480000 |
| CPU_CLK_UNHALTED_CORE |  FIXC1  | 10806200000 |
|  CPU_CLK_UNHALTED_REF |  FIXC2  | 10806210000 |
|    L1D_REPLACEMENT    |   PMC0  |   312777100 |
|      L1D_M_EVICT      |   PMC1  |     9541409 |
|    L2_LINES_IN_ALL    |   PMC2  |    13134280 |
|     L2_TRANS_L2_WB    |   PMC3  |    13033650 |
+-----------------------+---------+-------------+

+-------------------------------------+------------+
|                Metric               | HWThread 0 |
+-------------------------------------+------------+
|         Runtime (RDTSC) [s]         |     4.3351 |
|         Runtime unhalted [s]        |     4.3328 |
|             Clock [MHz]             |  2494.0698 |
|                 CPI                 |     0.7375 |
|  L2 to L1 load bandwidth [MBytes/s] |  4617.5946 |
|  L2 to L1 load data volume [GBytes] |    20.0177 |
| L1 to L2 evict bandwidth [MBytes/s] |   140.8618 |
| L1 to L2 evict data volume [GBytes] |     0.6107 |
|  L1 to/from L2 bandwidth [MBytes/s] |  4758.4565 |
|  L1 to/from L2 data volume [GBytes] |    20.6284 |
|  L3 to L2 load bandwidth [MBytes/s] |   193.9042 |
|  L3 to L2 load data volume [GBytes] |     0.8406 |
| L2 to L3 evict bandwidth [MBytes/s] |   192.4185 |
| L2 to L3 evict data volume [GBytes] |     0.8342 |
|  L2 to/from L3 bandwidth [MBytes/s] |   386.3227 |
|  L2 to/from L3 data volume [GBytes] |     1.6747 |
+-------------------------------------+------------+

iwia021h@casclakesp2:~/repo/MD-Bench$ likwid-perfctr -m -g CACHES_PMC -C 0 ./MDBench-ICC
INFO: You are running LIKWID in a cpuset with 1 CPUs. Taking given IDs as logical ID in cpuset
--------------------------------------------------------------------------------
CPU name:	Intel(R) Xeon(R) Gold 6248 CPU @ 2.50GHz
CPU type:	Intel Cascadelake SP processor
CPU clock:	2.49 GHz
--------------------------------------------------------------------------------
step	temp		pressure
0	1.440000e+00	1.215639e+00
100	1.440000e+00	1.215639e+00
200	1.440000e+00	1.215639e+00
----------------------------------------------------------------------------
Data layout for positions: AoS
Using double precision floating point.
----------------------------------------------------------------------------
System: 131072 atoms 48219 ghost atoms, Steps: 200
TOTAL 13.40s FORCE 8.98s NEIGH 4.34s REST 0.08s
----------------------------------------------------------------------------
Performance: 1.96 million atom updates per second
--------------------------------------------------------------------------------
Region force, Group 1: CACHES_PMC
+-------------------+------------+
|    Region Info    | HWThread 0 |
+-------------------+------------+
| RDTSC Runtime [s] |   8.789668 |
|     call count    |        201 |
+-------------------+------------+

+-----------------------+---------+-------------+
|         Event         | Counter |  HWThread 0 |
+-----------------------+---------+-------------+
|   INSTR_RETIRED_ANY   |  FIXC0  | 10196450000 |
| CPU_CLK_UNHALTED_CORE |  FIXC1  | 21900680000 |
|  CPU_CLK_UNHALTED_REF |  FIXC2  | 21900680000 |
|    L1D_REPLACEMENT    |   PMC0  |   266510600 |
|      L1D_M_EVICT      |   PMC1  |    10127610 |
|    L2_LINES_IN_ALL    |   PMC2  |   186584700 |
|     L2_TRANS_L2_WB    |   PMC3  |   185602600 |
+-----------------------+---------+-------------+

+-------------------------------------+------------+
|                Metric               | HWThread 0 |
+-------------------------------------+------------+
|         Runtime (RDTSC) [s]         |     8.7897 |
|         Runtime unhalted [s]        |     8.7811 |
|             Clock [MHz]             |  2494.0569 |
|                 CPI                 |     2.1479 |
|  L2 to L1 load bandwidth [MBytes/s] |  1940.5373 |
|  L2 to L1 load data volume [GBytes] |    17.0567 |
| L1 to L2 evict bandwidth [MBytes/s] |    73.7419 |
| L1 to L2 evict data volume [GBytes] |     0.6482 |
|  L1 to/from L2 bandwidth [MBytes/s] |  2014.2792 |
|  L1 to/from L2 data volume [GBytes] |    17.7048 |
|  L3 to L2 load bandwidth [MBytes/s] |  1358.5747 |
|  L3 to L2 load data volume [GBytes] |    11.9414 |
| L2 to L3 evict bandwidth [MBytes/s] |  1351.4238 |
| L2 to L3 evict data volume [GBytes] |    11.8786 |
|  L2 to/from L3 bandwidth [MBytes/s] |  2709.9985 |
|  L2 to/from L3 data volume [GBytes] |    23.8200 |
+-------------------------------------+------------+

Region reneighbour, Group 1: CACHES_PMC
+-------------------+------------+
|    Region Info    | HWThread 0 |
+-------------------+------------+
| RDTSC Runtime [s] |   4.334695 |
|     call count    |         10 |
+-------------------+------------+

+-----------------------+---------+-------------+
|         Event         | Counter |  HWThread 0 |
+-----------------------+---------+-------------+
|   INSTR_RETIRED_ANY   |  FIXC0  | 14652480000 |
| CPU_CLK_UNHALTED_CORE |  FIXC1  | 10805420000 |
|  CPU_CLK_UNHALTED_REF |  FIXC2  | 10805440000 |
|    L1D_REPLACEMENT    |   PMC0  |   311815600 |
|      L1D_M_EVICT      |   PMC1  |     9396573 |
|    L2_LINES_IN_ALL    |   PMC2  |    13115520 |
|     L2_TRANS_L2_WB    |   PMC3  |    12999670 |
+-----------------------+---------+-------------+

+-------------------------------------+------------+
|                Metric               | HWThread 0 |
+-------------------------------------+------------+
|         Runtime (RDTSC) [s]         |     4.3347 |
|         Runtime unhalted [s]        |     4.3325 |
|             Clock [MHz]             |  2494.0523 |
|                 CPI                 |     0.7374 |
|  L2 to L1 load bandwidth [MBytes/s] |  4603.8299 |
|  L2 to L1 load data volume [GBytes] |    19.9562 |
| L1 to L2 evict bandwidth [MBytes/s] |   138.7366 |
| L1 to L2 evict data volume [GBytes] |     0.6014 |
|  L1 to/from L2 bandwidth [MBytes/s] |  4742.5664 |
|  L1 to/from L2 data volume [GBytes] |    20.5576 |
|  L3 to L2 load bandwidth [MBytes/s] |   193.6453 |
|  L3 to L2 load data volume [GBytes] |     0.8394 |
| L2 to L3 evict bandwidth [MBytes/s] |   191.9348 |
| L2 to L3 evict data volume [GBytes] |     0.8320 |
|  L2 to/from L3 bandwidth [MBytes/s] |   385.5801 |
|  L2 to/from L3 data volume [GBytes] |     1.6714 |
+-------------------------------------+------------+

iwia021h@casclakesp2:~/repo/MD-Bench$ 
iwia021h@casclakesp2:~/repo/MD-Bench$ 
iwia021h@casclakesp2:~/repo/MD-Bench$ 
iwia021h@casclakesp2:~/repo/MD-Bench$ 
iwia021h@casclakesp2:~/repo/MD-Bench$ 
iwia021h@casclakesp2:~/repo/MD-Bench$ 
iwia021h@casclakesp2:~/repo/MD-Bench$ 
iwia021h@casclakesp2:~/repo/MD-Bench$ 
iwia021h@casclakesp2:~/repo/MD-Bench$ 
iwia021h@casclakesp2:~/repo/MD-Bench$ 
iwia021h@casclakesp2:~/repo/MD-Bench$ 
iwia021h@casclakesp2:~/repo/MD-Bench$ 
iwia021h@casclakesp2:~/repo/MD-Bench$ 
iwia021h@casclakesp2:~/repo/MD-Bench$ 
iwia021h@casclakesp2:~/repo/MD-Bench$ 
iwia021h@casclakesp2:~/repo/MD-Bench$ 
iwia021h@casclakesp2:~/repo/MD-Bench$ 
iwia021h@casclakesp2:~/repo/MD-Bench$ 
iwia021h@casclakesp2:~/repo/MD-Bench$ 
iwia021h@casclakesp2:~/repo/MD-Bench$     
iwia021h@casclakesp2:~/repo/MD-Bench$ 
iwia021h@casclakesp2:~/repo/MD-Bench$ 
iwia021h@casclakesp2:~/repo/MD-Bench$ 
iwia021h@casclakesp2:~/repo/MD-Bench$ 
iwia021h@casclakesp2:~/repo/MD-Bench$ 
iwia021h@casclakesp2:~/repo/MD-Bench$ 
iwia021h@casclakesp2:~/repo/MD-Bench$ 
iwia021h@casclakesp2:~/repo/MD-Bench$ 
iwia021h@casclakesp2:~/repo/MD-Bench$ 
iwia021h@casclakesp2:~/repo/MD-Bench$ 
iwia021h@casclakesp2:~/repo/MD-Bench$ 
iwia021h@casclakesp2:~/repo/MD-Bench$ 
iwia021h@casclakesp2:~/repo/MD-Bench$ 
iwia021h@casclakesp2:~/repo/MD-Bench$ make
make: 'MDBench-ICC' is up to date.
iwia021h@casclakesp2:~/repo/MD-Bench$ make clean
===>  CLEAN
iwia021h@casclakesp2:~/repo/MD-Bench$ make -j4
===>  COMPILE  ICC/force.o
===>  COMPILE  ICC/neighbor.o
===>  COMPILE  ICC/thermo.o
===>  COMPILE  ICC/atom.o
===>  COMPILE  ICC/timing.o
./src/force.c(142): warning #3180: unrecognized OpenMP #pragma
      #pragma omp parallel for
      ^

===>  COMPILE  ICC/util.o
===>  COMPILE  ICC/pbc.o
===>  COMPILE  ICC/allocate.o
===>  LINKING  MDBench-ICC
./src/main.c(166): warning #3180: unrecognized OpenMP #pragma
  #pragma omp parallel
  ^

iwia021h@casclakesp2:~/repo/MD-Bench$ likwid-perfctr -m -g CACHES_PMC -C 0 ./MDBench-ICC
INFO: You are running LIKWID in a cpuset with 1 CPUs. Taking given IDs as logical ID in cpuset
--------------------------------------------------------------------------------
CPU name:	Intel(R) Xeon(R) Gold 6248 CPU @ 2.50GHz
CPU type:	Intel Cascadelake SP processor
CPU clock:	2.49 GHz
--------------------------------------------------------------------------------
step	temp		pressure
0	1.440000e+00	1.215639e+00
100	1.440000e+00	1.215639e+00
200	1.440000e+00	1.215639e+00
----------------------------------------------------------------------------
Data layout for positions: AoS
Using double precision floating point.
----------------------------------------------------------------------------
System: 131072 atoms 48219 ghost atoms, Steps: 200
TOTAL 17.47s FORCE 13.36s NEIGH 4.02s REST 0.09s
----------------------------------------------------------------------------
Performance: 1.50 million atom updates per second
--------------------------------------------------------------------------------
Region force, Group 1: CACHES_PMC
+-------------------+------------+
|    Region Info    | HWThread 0 |
+-------------------+------------+
| RDTSC Runtime [s] |  13.209650 |
|     call count    |        201 |
+-------------------+------------+

+-----------------------+---------+-------------+
|         Event         | Counter |  HWThread 0 |
+-----------------------+---------+-------------+
|   INSTR_RETIRED_ANY   |  FIXC0  | 16677440000 |
| CPU_CLK_UNHALTED_CORE |  FIXC1  | 32914890000 |
|  CPU_CLK_UNHALTED_REF |  FIXC2  | 32914900000 |
|    L1D_REPLACEMENT    |   PMC0  |   268589800 |
|      L1D_M_EVICT      |   PMC1  |    10214640 |
|    L2_LINES_IN_ALL    |   PMC2  |   186687700 |
|     L2_TRANS_L2_WB    |   PMC3  |   185570500 |
+-----------------------+---------+-------------+

+-------------------------------------+------------+
|                Metric               | HWThread 0 |
+-------------------------------------+------------+
|         Runtime (RDTSC) [s]         |    13.2096 |
|         Runtime unhalted [s]        |    13.1973 |
|             Clock [MHz]             |  2494.0624 |
|                 CPI                 |     1.9736 |
|  L2 to L1 load bandwidth [MBytes/s] |  1301.3022 |
|  L2 to L1 load data volume [GBytes] |    17.1897 |
| L1 to L2 evict bandwidth [MBytes/s] |    49.4893 |
| L1 to L2 evict data volume [GBytes] |     0.6537 |
|  L1 to/from L2 bandwidth [MBytes/s] |  1350.7916 |
|  L1 to/from L2 data volume [GBytes] |    17.8435 |
|  L3 to L2 load bandwidth [MBytes/s] |   904.4912 |
|  L3 to L2 load data volume [GBytes] |    11.9480 |
| L2 to L3 evict bandwidth [MBytes/s] |   899.0785 |
| L2 to L3 evict data volume [GBytes] |    11.8765 |
|  L2 to/from L3 bandwidth [MBytes/s] |  1803.5697 |
|  L2 to/from L3 data volume [GBytes] |    23.8245 |
+-------------------------------------+------------+

Region reneighbour, Group 1: CACHES_PMC
+-------------------+------------+
|    Region Info    | HWThread 0 |
+-------------------+------------+
| RDTSC Runtime [s] |   4.022351 |
|     call count    |         10 |
+-------------------+------------+

+-----------------------+---------+-------------+
|         Event         | Counter |  HWThread 0 |
+-----------------------+---------+-------------+
|   INSTR_RETIRED_ANY   |  FIXC0  | 14652480000 |
| CPU_CLK_UNHALTED_CORE |  FIXC1  | 10026150000 |
|  CPU_CLK_UNHALTED_REF |  FIXC2  | 10026170000 |
|    L1D_REPLACEMENT    |   PMC0  |   315058200 |
|      L1D_M_EVICT      |   PMC1  |     9421721 |
|    L2_LINES_IN_ALL    |   PMC2  |    13196410 |
|     L2_TRANS_L2_WB    |   PMC3  |    13095590 |
+-----------------------+---------+-------------+

+-------------------------------------+------------+
|                Metric               | HWThread 0 |
+-------------------------------------+------------+
|         Runtime (RDTSC) [s]         |     4.0224 |
|         Runtime unhalted [s]        |     4.0200 |
|             Clock [MHz]             |  2494.0581 |
|                 CPI                 |     0.6843 |
|  L2 to L1 load bandwidth [MBytes/s] |  5012.9203 |
|  L2 to L1 load data volume [GBytes] |    20.1637 |
| L1 to L2 evict bandwidth [MBytes/s] |   149.9099 |
| L1 to L2 evict data volume [GBytes] |     0.6030 |
|  L1 to/from L2 bandwidth [MBytes/s] |  5162.8301 |
|  L1 to/from L2 data volume [GBytes] |    20.7667 |
|  L3 to L2 load bandwidth [MBytes/s] |   209.9693 |
|  L3 to L2 load data volume [GBytes] |     0.8446 |
| L2 to L3 evict bandwidth [MBytes/s] |   208.3651 |
| L2 to L3 evict data volume [GBytes] |     0.8381 |
|  L2 to/from L3 bandwidth [MBytes/s] |   418.3345 |
|  L2 to/from L3 data volume [GBytes] |     1.6827 |
+-------------------------------------+------------+

iwia021h@casclakesp2:~/repo/MD-Bench$ likwid-perfctr -m -g CACHES_PMC -C 0 ./MDBench-ICC
INFO: You are running LIKWID in a cpuset with 1 CPUs. Taking given IDs as logical ID in cpuset
--------------------------------------------------------------------------------
CPU name:	Intel(R) Xeon(R) Gold 6248 CPU @ 2.50GHz
CPU type:	Intel Cascadelake SP processor
CPU clock:	2.49 GHz
--------------------------------------------------------------------------------
step	temp		pressure
0	1.440000e+00	1.215639e+00
100	1.440000e+00	1.215639e+00
200	1.440000e+00	1.215639e+00
----------------------------------------------------------------------------
Data layout for positions: AoS
Using double precision floating point.
----------------------------------------------------------------------------
System: 131072 atoms 48219 ghost atoms, Steps: 200
TOTAL 17.43s FORCE 13.32s NEIGH 4.03s REST 0.09s
----------------------------------------------------------------------------
Performance: 1.50 million atom updates per second
--------------------------------------------------------------------------------
Region force, Group 1: CACHES_PMC
+-------------------+------------+
|    Region Info    | HWThread 0 |
+-------------------+------------+
| RDTSC Runtime [s] |  13.191110 |
|     call count    |        201 |
+-------------------+------------+

+-----------------------+---------+-------------+
|         Event         | Counter |  HWThread 0 |
+-----------------------+---------+-------------+
|   INSTR_RETIRED_ANY   |  FIXC0  | 16677440000 |
| CPU_CLK_UNHALTED_CORE |  FIXC1  | 32870450000 |
|  CPU_CLK_UNHALTED_REF |  FIXC2  | 32870460000 |
|    L1D_REPLACEMENT    |   PMC0  |   268072000 |
|      L1D_M_EVICT      |   PMC1  |    10202020 |
|    L2_LINES_IN_ALL    |   PMC2  |   186689400 |
|     L2_TRANS_L2_WB    |   PMC3  |   185545600 |
+-----------------------+---------+-------------+

+-------------------------------------+------------+
|                Metric               | HWThread 0 |
+-------------------------------------+------------+
|         Runtime (RDTSC) [s]         |    13.1911 |
|         Runtime unhalted [s]        |    13.1794 |
|             Clock [MHz]             |  2494.0737 |
|                 CPI                 |     1.9710 |
|  L2 to L1 load bandwidth [MBytes/s] |  1300.6190 |
|  L2 to L1 load data volume [GBytes] |    17.1566 |
| L1 to L2 evict bandwidth [MBytes/s] |    49.4977 |
| L1 to L2 evict data volume [GBytes] |     0.6529 |
|  L1 to/from L2 bandwidth [MBytes/s] |  1350.1167 |
|  L1 to/from L2 data volume [GBytes] |    17.8095 |
|  L3 to L2 load bandwidth [MBytes/s] |   905.7708 |
|  L3 to L2 load data volume [GBytes] |    11.9481 |
| L2 to L3 evict bandwidth [MBytes/s] |   900.2213 |
| L2 to L3 evict data volume [GBytes] |    11.8749 |
|  L2 to/from L3 bandwidth [MBytes/s] |  1805.9921 |
|  L2 to/from L3 data volume [GBytes] |    23.8230 |
+-------------------------------------+------------+

Region reneighbour, Group 1: CACHES_PMC
+-------------------+------------+
|    Region Info    | HWThread 0 |
+-------------------+------------+
| RDTSC Runtime [s] |   4.023345 |
|     call count    |         10 |
+-------------------+------------+

+-----------------------+---------+-------------+
|         Event         | Counter |  HWThread 0 |
+-----------------------+---------+-------------+
|   INSTR_RETIRED_ANY   |  FIXC0  | 14652480000 |
| CPU_CLK_UNHALTED_CORE |  FIXC1  | 10028620000 |
|  CPU_CLK_UNHALTED_REF |  FIXC2  | 10028640000 |
|    L1D_REPLACEMENT    |   PMC0  |   311453000 |
|      L1D_M_EVICT      |   PMC1  |     9188228 |
|    L2_LINES_IN_ALL    |   PMC2  |    13187560 |
|     L2_TRANS_L2_WB    |   PMC3  |    13086510 |
+-----------------------+---------+-------------+

+-------------------------------------+------------+
|                Metric               | HWThread 0 |
+-------------------------------------+------------+
|         Runtime (RDTSC) [s]         |     4.0233 |
|         Runtime unhalted [s]        |     4.0210 |
|             Clock [MHz]             |  2494.0695 |
|                 CPI                 |     0.6844 |
|  L2 to L1 load bandwidth [MBytes/s] |  4954.3333 |
|  L2 to L1 load data volume [GBytes] |    19.9330 |
| L1 to L2 evict bandwidth [MBytes/s] |   146.1586 |
| L1 to L2 evict data volume [GBytes] |     0.5880 |
|  L1 to/from L2 bandwidth [MBytes/s] |  5100.4919 |
|  L1 to/from L2 data volume [GBytes] |    20.5210 |
|  L3 to L2 load bandwidth [MBytes/s] |   209.7767 |
|  L3 to L2 load data volume [GBytes] |     0.8440 |
| L2 to L3 evict bandwidth [MBytes/s] |   208.1692 |
| L2 to L3 evict data volume [GBytes] |     0.8375 |
|  L2 to/from L3 bandwidth [MBytes/s] |   417.9459 |
|  L2 to/from L3 data volume [GBytes] |     1.6815 |
+-------------------------------------+------------+

iwia021h@casclakesp2:~/repo/MD-Bench$ likwid-perfctr -m -g CACHES_PMC -C 0 ./MDBench-ICC
INFO: You are running LIKWID in a cpuset with 1 CPUs. Taking given IDs as logical ID in cpuset
--------------------------------------------------------------------------------
CPU name:	Intel(R) Xeon(R) Gold 6248 CPU @ 2.50GHz
CPU type:	Intel Cascadelake SP processor
CPU clock:	2.49 GHz
--------------------------------------------------------------------------------
step	temp		pressure
0	1.440000e+00	1.215639e+00
100	1.440000e+00	1.215639e+00
200	1.440000e+00	1.215639e+00
----------------------------------------------------------------------------
Data layout for positions: AoS
Using double precision floating point.
----------------------------------------------------------------------------
System: 131072 atoms 48219 ghost atoms, Steps: 200
TOTAL 17.49s FORCE 13.38s NEIGH 4.03s REST 0.09s
----------------------------------------------------------------------------
Performance: 1.50 million atom updates per second
--------------------------------------------------------------------------------
Region force, Group 1: CACHES_PMC
+-------------------+------------+
|    Region Info    | HWThread 0 |
+-------------------+------------+
| RDTSC Runtime [s] |  13.230760 |
|     call count    |        201 |
+-------------------+------------+

+-----------------------+---------+-------------+
|         Event         | Counter |  HWThread 0 |
+-----------------------+---------+-------------+
|   INSTR_RETIRED_ANY   |  FIXC0  | 16677440000 |
| CPU_CLK_UNHALTED_CORE |  FIXC1  | 32969250000 |
|  CPU_CLK_UNHALTED_REF |  FIXC2  | 32969260000 |
|    L1D_REPLACEMENT    |   PMC0  |   267995800 |
|      L1D_M_EVICT      |   PMC1  |    10203540 |
|    L2_LINES_IN_ALL    |   PMC2  |   186641400 |
|     L2_TRANS_L2_WB    |   PMC3  |   185498100 |
+-----------------------+---------+-------------+

+-------------------------------------+------------+
|                Metric               | HWThread 0 |
+-------------------------------------+------------+
|         Runtime (RDTSC) [s]         |    13.2308 |
|         Runtime unhalted [s]        |    13.2190 |
|             Clock [MHz]             |  2494.0744 |
|                 CPI                 |     1.9769 |
|  L2 to L1 load bandwidth [MBytes/s] |  1296.3527 |
|  L2 to L1 load data volume [GBytes] |    17.1517 |
| L1 to L2 evict bandwidth [MBytes/s] |    49.3567 |
| L1 to L2 evict data volume [GBytes] |     0.6530 |
|  L1 to/from L2 bandwidth [MBytes/s] |  1345.7094 |
|  L1 to/from L2 data volume [GBytes] |    17.8048 |
|  L3 to L2 load bandwidth [MBytes/s] |   902.8241 |
|  L3 to L2 load data volume [GBytes] |    11.9450 |
| L2 to L3 evict bandwidth [MBytes/s] |   897.2938 |
| L2 to L3 evict data volume [GBytes] |    11.8719 |
|  L2 to/from L3 bandwidth [MBytes/s] |  1800.1179 |
|  L2 to/from L3 data volume [GBytes] |    23.8169 |
+-------------------------------------+------------+

Region reneighbour, Group 1: CACHES_PMC
+-------------------+------------+
|    Region Info    | HWThread 0 |
+-------------------+------------+
| RDTSC Runtime [s] |   4.031009 |
|     call count    |         10 |
+-------------------+------------+

+-----------------------+---------+-------------+
|         Event         | Counter |  HWThread 0 |
+-----------------------+---------+-------------+
|   INSTR_RETIRED_ANY   |  FIXC0  | 14652480000 |
| CPU_CLK_UNHALTED_CORE |  FIXC1  | 10047800000 |
|  CPU_CLK_UNHALTED_REF |  FIXC2  | 10047800000 |
|    L1D_REPLACEMENT    |   PMC0  |   311257200 |
|      L1D_M_EVICT      |   PMC1  |     9324282 |
|    L2_LINES_IN_ALL    |   PMC2  |    13186750 |
|     L2_TRANS_L2_WB    |   PMC3  |    13074020 |
+-----------------------+---------+-------------+

+-------------------------------------+------------+
|                Metric               | HWThread 0 |
+-------------------------------------+------------+
|         Runtime (RDTSC) [s]         |     4.0310 |
|         Runtime unhalted [s]        |     4.0287 |
|             Clock [MHz]             |  2494.0751 |
|                 CPI                 |     0.6857 |
|  L2 to L1 load bandwidth [MBytes/s] |  4941.8051 |
|  L2 to L1 load data volume [GBytes] |    19.9205 |
| L1 to L2 evict bandwidth [MBytes/s] |   148.0409 |
| L1 to L2 evict data volume [GBytes] |     0.5968 |
|  L1 to/from L2 bandwidth [MBytes/s] |  5089.8460 |
|  L1 to/from L2 data volume [GBytes] |    20.5172 |
|  L3 to L2 load bandwidth [MBytes/s] |   209.3650 |
|  L3 to L2 load data volume [GBytes] |     0.8440 |
| L2 to L3 evict bandwidth [MBytes/s] |   207.5751 |
| L2 to L3 evict data volume [GBytes] |     0.8367 |
|  L2 to/from L3 bandwidth [MBytes/s] |   416.9401 |
|  L2 to/from L3 data volume [GBytes] |     1.6807 |
+-------------------------------------+------------+

iwia021h@casclakesp2:~/repo/MD-Bench$ 
iwia021h@casclakesp2:~/repo/MD-Bench$ 
iwia021h@casclakesp2:~/repo/MD-Bench$ 
iwia021h@casclakesp2:~/repo/MD-Bench$ 
iwia021h@casclakesp2:~/repo/MD-Bench$ 
iwia021h@casclakesp2:~/repo/MD-Bench$ 
iwia021h@casclakesp2:~/repo/MD-Bench$ 
iwia021h@casclakesp2:~/repo/MD-Bench$ 
iwia021h@casclakesp2:~/repo/MD-Bench$ 
iwia021h@casclakesp2:~/repo/MD-Bench$ 
iwia021h@casclakesp2:~/repo/MD-Bench$ 
iwia021h@casclakesp2:~/repo/MD-Bench$ 
iwia021h@casclakesp2:~/repo/MD-Bench$ 
iwia021h@casclakesp2:~/repo/MD-Bench$ 
iwia021h@casclakesp2:~/repo/MD-Bench$ 
iwia021h@casclakesp2:~/repo/MD-Bench$ cd
iwia021h@casclakesp2:~$ cd repo/gather-bench/
iwia021h@casclakesp2:~/repo/gather-bench$ ls -lhtra
total 1.2G
-rw-r--r--  1 iwia021h iwia  430 Mar 12  2021 .gitignore
-rw-r--r--  1 iwia021h iwia 1.1K Mar 12  2021 LICENSE
-rw-r--r--  1 iwia021h iwia   62 Mar 12  2021 README.md
-rw-r--r--  1 iwia021h iwia  213 Mar 12  2021 include_CLANG.mk
-rw-r--r--  1 iwia021h iwia  197 Mar 12  2021 include_GCC.mk
-rw-r--r--  1 iwia021h iwia  158 Mar 12  2021 include_ICC.mk
drwxr-xr-x  2 iwia021h iwia 4.0K Mar 20  2021 GCC
-rw-r--r--  1 iwia021h iwia  243 Jun 11 15:12 include_LIKWID.mk
-rw-r--r--  1 iwia021h iwia 3.4K Jul 20 18:31 Makefile
drwxr-xr-x 22 iwia021h iwia 4.0K Aug  2 11:12 ..
-rwxr-xr-x  1 iwia021h iwia  34K Aug 10 15:02 gather-bench-ICC
-rwxr-xr-x  1 iwia021h iwia  34K Aug 10 15:10 gather-bench-ICC-md
-rw-r--r--  1 iwia021h iwia  95M Aug 10 17:28 index_tracer.out
-rw-------  1 iwia021h iwia 314M Oct  4 16:51 core
-rw-r--r--  1 iwia021h iwia  504 Oct  4 17:02 config.mk
drwxr-xr-x  2 iwia021h iwia 4.0K Oct  4 17:03 ICC
-rwxr-xr-x  1 iwia021h iwia  90K Oct  4 17:03 gather-bench-ICC-md-trace
drwxr-xr-x  5 iwia021h iwia 4.0K Oct  4 17:09 src
drwxr-xr-x  8 iwia021h iwia 4.0K Oct  5 13:04 .git
-rw-r--r--  1 iwia021h iwia  67M Oct  5 19:21 index_tracer_0.out
-rw-r--r--  1 iwia021h iwia  67M Oct  5 19:21 index_tracer_20.out
-rw-r--r--  1 iwia021h iwia  67M Oct  5 19:21 index_tracer_40.out
-rw-r--r--  1 iwia021h iwia  67M Oct  5 19:21 index_tracer_60.out
-rw-r--r--  1 iwia021h iwia  67M Oct  5 19:21 index_tracer_80.out
-rw-r--r--  1 iwia021h iwia  67M Oct  5 19:21 index_tracer_100.out
-rw-r--r--  1 iwia021h iwia  67M Oct  5 19:21 index_tracer_120.out
-rw-r--r--  1 iwia021h iwia  67M Oct  5 19:21 index_tracer_140.out
-rw-r--r--  1 iwia021h iwia  67M Oct  5 19:21 index_tracer_160.out
-rw-r--r--  1 iwia021h iwia  67M Oct  5 19:21 index_tracer_180.out
-rw-r--r--  1 iwia021h iwia  67M Oct  5 19:21 index_tracer_200.out
drwxr-xr-x  6 iwia021h iwia  16K Oct  6 15:46 .
(reverse-i-search)`perfctr': likwid-^Crfctr -m -g CACHES_PMC -C 0 ./MDBench-ICC -n 1
iwia021h@casclakesp2:~/repo/gather-bench$ likwid-perfctr -m -g CACHES_PMC -C 0 ./gather-bench-ICC-md-trace -f 2.4 -t index_tracer^C
iwia021h@casclakesp2:~/repo/gather-bench$ make clean
===>  CLEAN
iwia021h@casclakesp2:~/repo/gather-bench$ make -j4
===>  ASSEMBLE  ICC/gather_aos.o
===>  COMPILE  ICC/allocate.o
===>  COMPILE  ICC/timing.o
===>  ASSEMBLE  ICC/load_aos.o
===>  ASSEMBLE  ICC/gather.o
===>  ASSEMBLE  ICC/gather_md_aos.o
===>  ASSEMBLE  ICC/gather_soa.o
===>  LINKING  gather-bench-ICC
iwia021h@casclakesp2:~/repo/gather-bench$ likwid-perfctr -m -g CACHES_PMC -C 0 ./gather-bench-ICC-md-trace -f 2.4 -t index_tracer
INFO: You are running LIKWID in a cpuset with 1 CPUs. Taking given IDs as logical ID in cpuset
--------------------------------------------------------------------------------
CPU name:	Intel(R) Xeon(R) Gold 6248 CPU @ 2.50GHz
CPU type:	Intel Cascadelake SP processor
CPU clock:	2.49 GHz
--------------------------------------------------------------------------------
./gather-bench-ICC-md-trace: error while loading shared libraries: liblikwid.so.5.1: cannot open shared object file: No such file or directory
--------------------------------------------------------------------------------
Marker API result file does not exist. This may happen if the application has not called LIKWID_MARKER_CLOSE.
iwia021h@casclakesp2:~/repo/gather-bench$ module load likwid/5.2-dev
iwia021h@casclakesp2:~/repo/gather-bench$ make -j4
make: 'gather-bench-ICC' is up to date.
iwia021h@casclakesp2:~/repo/gather-bench$ likwid-perfctr -m -g CACHES_PMC -C 0 ./gather-bench-ICC-md-trace -f 2.4 -t index_tracer
INFO: You are running LIKWID in a cpuset with 1 CPUs. Taking given IDs as logical ID in cpuset
--------------------------------------------------------------------------------
CPU name:	Intel(R) Xeon(R) Gold 6248 CPU @ 2.50GHz
CPU type:	Intel Cascadelake SP processor
CPU clock:	2.49 GHz
--------------------------------------------------------------------------------
./gather-bench-ICC-md-trace: error while loading shared libraries: liblikwid.so.5.1: cannot open shared object file: No such file or directory
--------------------------------------------------------------------------------
Marker API result file does not exist. This may happen if the application has not called LIKWID_MARKER_CLOSE.
iwia021h@casclakesp2:~/repo/gather-bench$ make clean
===>  CLEAN
iwia021h@casclakesp2:~/repo/gather-bench$ make VARIANT=md-trace
===>  COMPILE  ICC/timing.o
===>  COMPILE  ICC/allocate.o
===>  ASSEMBLE  ICC/gather_aos.o
===>  ASSEMBLE  ICC/load_aos.o
===>  ASSEMBLE  ICC/gather_md_aos.o
===>  ASSEMBLE  ICC/gather.o
===>  ASSEMBLE  ICC/gather_soa.o
===>  LINKING  gather-bench-ICC-md-trace 
iwia021h@casclakesp2:~/repo/gather-bench$ likwid-perfctr -m -g CACHES_PMC -C 0 ./gather-bench-ICC-md-trace -f 2.4 -t index_tracer
INFO: You are running LIKWID in a cpuset with 1 CPUs. Taking given IDs as logical ID in cpuset
--------------------------------------------------------------------------------
CPU name:	Intel(R) Xeon(R) Gold 6248 CPU @ 2.50GHz
CPU type:	Intel Cascadelake SP processor
CPU clock:	2.49 GHz
--------------------------------------------------------------------------------
ISA,Layout,Dims,Frequency (GHz),Cache Line Size (B),Vector Width (e)
avx512,AoS,3,2.400000,64,8

  tot. time(s), time/step(ms), time/iter(us),         cy/it,     cy/gather,       cy/elem
      9.771775,     48.858875,      0.037091,    712.145444,    237.381815,      3.804197
--------------------------------------------------------------------------------
Region gather, Group 1: CACHES_PMC
+-------------------+------------+
|    Region Info    | HWThread 0 |
+-------------------+------------+
| RDTSC Runtime [s] |   9.722665 |
|     call count    |        201 |
+-------------------+------------+

+-----------------------+---------+-------------+
|         Event         | Counter |  HWThread 0 |
+-----------------------+---------+-------------+
|   INSTR_RETIRED_ANY   |  FIXC0  |  5823143000 |
| CPU_CLK_UNHALTED_CORE |  FIXC1  | 24232280000 |
|  CPU_CLK_UNHALTED_REF |  FIXC2  | 24232280000 |
|    L1D_REPLACEMENT    |   PMC0  |   267864000 |
|      L1D_M_EVICT      |   PMC1  |    10133020 |
|    L2_LINES_IN_ALL    |   PMC2  |   186646400 |
|     L2_TRANS_L2_WB    |   PMC3  |   185793100 |
+-----------------------+---------+-------------+

+-------------------------------------+------------+
|                Metric               | HWThread 0 |
+-------------------------------------+------------+
|         Runtime (RDTSC) [s]         |     9.7227 |
|         Runtime unhalted [s]        |     9.7159 |
|             Clock [MHz]             |  2494.0857 |
|                 CPI                 |     4.1614 |
|  L2 to L1 load bandwidth [MBytes/s] |  1763.2301 |
|  L2 to L1 load data volume [GBytes] |    17.1433 |
| L1 to L2 evict bandwidth [MBytes/s] |    66.7012 |
| L1 to L2 evict data volume [GBytes] |     0.6485 |
|  L1 to/from L2 bandwidth [MBytes/s] |  1829.9313 |
|  L1 to/from L2 data volume [GBytes] |    17.7918 |
|  L3 to L2 load bandwidth [MBytes/s] |  1228.6106 |
|  L3 to L2 load data volume [GBytes] |    11.9454 |
| L2 to L3 evict bandwidth [MBytes/s] |  1222.9937 |
| L2 to L3 evict data volume [GBytes] |    11.8908 |
|  L2 to/from L3 bandwidth [MBytes/s] |  2451.6044 |
|  L2 to/from L3 data volume [GBytes] |    23.8361 |
+-------------------------------------+------------+

iwia021h@casclakesp2:~/repo/gather-bench$ likwid-perfctr -m -g CACHES_PMC -C 0 ./gather-bench-ICC-md-trace -f 2.4 -t index_tracer
INFO: You are running LIKWID in a cpuset with 1 CPUs. Taking given IDs as logical ID in cpuset
--------------------------------------------------------------------------------
CPU name:	Intel(R) Xeon(R) Gold 6248 CPU @ 2.50GHz
CPU type:	Intel Cascadelake SP processor
CPU clock:	2.49 GHz
--------------------------------------------------------------------------------
ISA,Layout,Dims,Frequency (GHz),Cache Line Size (B),Vector Width (e)
avx512,AoS,3,2.400000,64,8

  tot. time(s), time/step(ms), time/iter(us),         cy/it,     cy/gather,       cy/elem
      9.751185,     48.755924,      0.037013,    710.644882,    236.881627,      3.796181
--------------------------------------------------------------------------------
Region gather, Group 1: CACHES_PMC
+-------------------+------------+
|    Region Info    | HWThread 0 |
+-------------------+------------+
| RDTSC Runtime [s] |   9.701495 |
|     call count    |        201 |
+-------------------+------------+

+-----------------------+---------+-------------+
|         Event         | Counter |  HWThread 0 |
+-----------------------+---------+-------------+
|   INSTR_RETIRED_ANY   |  FIXC0  |  5823143000 |
| CPU_CLK_UNHALTED_CORE |  FIXC1  | 24179260000 |
|  CPU_CLK_UNHALTED_REF |  FIXC2  | 24179260000 |
|    L1D_REPLACEMENT    |   PMC0  |   267633000 |
|      L1D_M_EVICT      |   PMC1  |    10133170 |
|    L2_LINES_IN_ALL    |   PMC2  |   186820000 |
|     L2_TRANS_L2_WB    |   PMC3  |   185921500 |
+-----------------------+---------+-------------+

+-------------------------------------+------------+
|                Metric               | HWThread 0 |
+-------------------------------------+------------+
|         Runtime (RDTSC) [s]         |     9.7015 |
|         Runtime unhalted [s]        |     9.6947 |
|             Clock [MHz]             |  2494.0659 |
|                 CPI                 |     4.1523 |
|  L2 to L1 load bandwidth [MBytes/s] |  1765.5539 |
|  L2 to L1 load data volume [GBytes] |    17.1285 |
| L1 to L2 evict bandwidth [MBytes/s] |    66.8477 |
| L1 to L2 evict data volume [GBytes] |     0.6485 |
|  L1 to/from L2 bandwidth [MBytes/s] |  1832.4016 |
|  L1 to/from L2 data volume [GBytes] |    17.7770 |
|  L3 to L2 load bandwidth [MBytes/s] |  1232.4369 |
|  L3 to L2 load data volume [GBytes] |    11.9565 |
| L2 to L3 evict bandwidth [MBytes/s] |  1226.5095 |
| L2 to L3 evict data volume [GBytes] |    11.8990 |
|  L2 to/from L3 bandwidth [MBytes/s] |  2458.9464 |
|  L2 to/from L3 data volume [GBytes] |    23.8555 |
+-------------------------------------+------------+

iwia021h@casclakesp2:~/repo/gather-bench$ likwid-perfctr -m -g CACHES_PMC -C 0 ./gather-bench-ICC-md-trace -f 2.4 -t index_tracer
INFO: You are running LIKWID in a cpuset with 1 CPUs. Taking given IDs as logical ID in cpuset
--------------------------------------------------------------------------------
CPU name:	Intel(R) Xeon(R) Gold 6248 CPU @ 2.50GHz
CPU type:	Intel Cascadelake SP processor
CPU clock:	2.49 GHz
--------------------------------------------------------------------------------
ISA,Layout,Dims,Frequency (GHz),Cache Line Size (B),Vector Width (e)
avx512,AoS,3,2.400000,64,8

  tot. time(s), time/step(ms), time/iter(us),         cy/it,     cy/gather,       cy/elem
      9.690965,     48.454827,      0.036784,    706.256225,    235.418742,      3.772737
--------------------------------------------------------------------------------
Region gather, Group 1: CACHES_PMC
+-------------------+------------+
|    Region Info    | HWThread 0 |
+-------------------+------------+
| RDTSC Runtime [s] |   9.641375 |
|     call count    |        201 |
+-------------------+------------+

+-----------------------+---------+-------------+
|         Event         | Counter |  HWThread 0 |
+-----------------------+---------+-------------+
|   INSTR_RETIRED_ANY   |  FIXC0  |  5823143000 |
| CPU_CLK_UNHALTED_CORE |  FIXC1  | 24029830000 |
|  CPU_CLK_UNHALTED_REF |  FIXC2  | 24029830000 |
|    L1D_REPLACEMENT    |   PMC0  |   267364400 |
|      L1D_M_EVICT      |   PMC1  |    10128280 |
|    L2_LINES_IN_ALL    |   PMC2  |   186807600 |
|     L2_TRANS_L2_WB    |   PMC3  |   185963200 |
+-----------------------+---------+-------------+

+-------------------------------------+------------+
|                Metric               | HWThread 0 |
+-------------------------------------+------------+
|         Runtime (RDTSC) [s]         |     9.6414 |
|         Runtime unhalted [s]        |     9.6347 |
|             Clock [MHz]             |  2494.0837 |
|                 CPI                 |     4.1266 |
|  L2 to L1 load bandwidth [MBytes/s] |  1774.7802 |
|  L2 to L1 load data volume [GBytes] |    17.1113 |
| L1 to L2 evict bandwidth [MBytes/s] |    67.2321 |
| L1 to L2 evict data volume [GBytes] |     0.6482 |
|  L1 to/from L2 bandwidth [MBytes/s] |  1842.0123 |
|  L1 to/from L2 data volume [GBytes] |    17.7595 |
|  L3 to L2 load bandwidth [MBytes/s] |  1240.0396 |
|  L3 to L2 load data volume [GBytes] |    11.9557 |
| L2 to L3 evict bandwidth [MBytes/s] |  1234.4344 |
| L2 to L3 evict data volume [GBytes] |    11.9016 |
|  L2 to/from L3 bandwidth [MBytes/s] |  2474.4739 |
|  L2 to/from L3 data volume [GBytes] |    23.8573 |
+-------------------------------------+------------+
